// Jest Snapshot v1, https://goo.gl/fbAQLP

exports[`renders correctly 1`] = `
<View
  style={
    Object {
      "alignItems": "center",
      "backgroundColor": "#373b48",
      "flex": 1,
      "flexDirection": "column",
      "justifyContent": "center",
    }
  }
/>
`;
