// Jest Snapshot v1, https://goo.gl/fbAQLP

exports[`renders correctly 1`] = `
<View
  style={
    Object {
      "alignSelf": "stretch",
      "backgroundColor": "#373b48",
      "flex": 1,
    }
  }
>
  <RCTScrollView
    data={
      Array [
        Object {
          "name": "bitcoin",
        },
        Object {
          "name": "ethereum",
        },
        Object {
          "name": "dash",
        },
        Object {
          "name": "ripple",
        },
        Object {
          "name": "litecoin",
        },
      ]
    }
    disableVirtualization={false}
    getItem={[Function]}
    getItemCount={[Function]}
    horizontal={false}
    initialNumToRender={10}
    keyExtractor={[Function]}
    maxToRenderPerBatch={10}
    numColumns={1}
    onContentSizeChange={[Function]}
    onEndReachedThreshold={2}
    onLayout={[Function]}
    onMomentumScrollEnd={[Function]}
    onScroll={[Function]}
    onScrollBeginDrag={[Function]}
    onScrollEndDrag={[Function]}
    refreshControl={
      <RefreshControlMock
        onRefresh={[Function]}
        refreshing={false}
      />
    }
    removeClippedSubviews={false}
    renderItem={[Function]}
    scrollEventThrottle={50}
    stickyHeaderIndices={Array []}
    style={
      Object {
        "marginTop": 10,
      }
    }
    updateCellsBatchingPeriod={50}
    viewabilityConfigCallbackPairs={Array []}
    windowSize={21}
  >
    <RCTRefreshControl />
    <View>
      <View
        onLayout={[Function]}
        style={null}
      >
        <View
          style={
            Object {
              "alignItems": "center",
              "backgroundColor": "#515360",
              "borderRadius": 5,
              "elevation": 1,
              "flexDirection": "column",
              "justifyContent": "center",
              "marginBottom": 14,
              "marginLeft": 14,
              "marginRight": 14,
              "marginTop": 0,
              "paddingBottom": 15,
              "paddingLeft": 18,
              "paddingRight": 16,
              "paddingTop": 15,
            }
          }
        >
          <View
            style={
              Object {
                "flexDirection": "row",
              }
            }
          >
            <View
              style={
                Object {
                  "alignItems": "center",
                  "flexDirection": "row",
                }
              }
            >
              <Image
                source={
                  Object {
                    "testUri": "../../../assets/icons/BTC.png",
                  }
                }
                style={
                  Object {
                    "height": 40,
                    "width": 40,
                  }
                }
              />
            </View>
          </View>
          <View
            style={
              Object {
                "alignItems": "center",
                "height": 200,
                "justifyContent": "center",
                "width": 750,
              }
            }
          >
            <View
              animated={true}
              animationConfig={
                Object {
                  "bounciness": 0,
                }
              }
              animationType="spring"
              indeterminate={true}
              indeterminateAnimationDuration={1000}
              onLayout={[Function]}
              progress={0.3}
              style={
                Array [
                  Object {
                    "backgroundColor": undefined,
                    "borderColor": "#80e7a5",
                    "borderRadius": 4,
                    "borderWidth": 0,
                    "overflow": "hidden",
                    "width": 250,
                  },
                  undefined,
                ]
              }
              useNativeDriver={false}
            >
              <View
                style={
                  Object {
                    "backgroundColor": "#80e7a5",
                    "height": 6,
                    "transform": Array [
                      Object {
                        "translateX": 0,
                      },
                      Object {
                        "translateX": -87.5,
                      },
                      Object {
                        "scaleX": 0.30007,
                      },
                    ],
                  }
                }
              />
            </View>
          </View>
        </View>
      </View>
      <View
        onLayout={[Function]}
        style={null}
      >
        <View
          style={
            Object {
              "alignItems": "center",
              "backgroundColor": "#515360",
              "borderRadius": 5,
              "elevation": 1,
              "flexDirection": "column",
              "justifyContent": "center",
              "marginBottom": 14,
              "marginLeft": 14,
              "marginRight": 14,
              "marginTop": 0,
              "paddingBottom": 15,
              "paddingLeft": 18,
              "paddingRight": 16,
              "paddingTop": 15,
            }
          }
        >
          <View
            style={
              Object {
                "flexDirection": "row",
              }
            }
          >
            <View
              style={
                Object {
                  "alignItems": "center",
                  "flexDirection": "row",
                }
              }
            >
              <Image
                source={
                  Object {
                    "testUri": "../../../assets/icons/ETH.png",
                  }
                }
                style={
                  Object {
                    "height": 40,
                    "width": 40,
                  }
                }
              />
            </View>
          </View>
          <View
            style={
              Object {
                "alignItems": "center",
                "height": 200,
                "justifyContent": "center",
                "width": 750,
              }
            }
          >
            <View
              animated={true}
              animationConfig={
                Object {
                  "bounciness": 0,
                }
              }
              animationType="spring"
              indeterminate={true}
              indeterminateAnimationDuration={1000}
              onLayout={[Function]}
              progress={0.3}
              style={
                Array [
                  Object {
                    "backgroundColor": undefined,
                    "borderColor": "#80e7a5",
                    "borderRadius": 4,
                    "borderWidth": 0,
                    "overflow": "hidden",
                    "width": 250,
                  },
                  undefined,
                ]
              }
              useNativeDriver={false}
            >
              <View
                style={
                  Object {
                    "backgroundColor": "#80e7a5",
                    "height": 6,
                    "transform": Array [
                      Object {
                        "translateX": 0,
                      },
                      Object {
                        "translateX": -87.5,
                      },
                      Object {
                        "scaleX": 0.30007,
                      },
                    ],
                  }
                }
              />
            </View>
          </View>
        </View>
      </View>
      <View
        onLayout={[Function]}
        style={null}
      >
        <View
          style={
            Object {
              "alignItems": "center",
              "backgroundColor": "#515360",
              "borderRadius": 5,
              "elevation": 1,
              "flexDirection": "column",
              "justifyContent": "center",
              "marginBottom": 14,
              "marginLeft": 14,
              "marginRight": 14,
              "marginTop": 0,
              "paddingBottom": 15,
              "paddingLeft": 18,
              "paddingRight": 16,
              "paddingTop": 15,
            }
          }
        >
          <View
            style={
              Object {
                "flexDirection": "row",
              }
            }
          >
            <View
              style={
                Object {
                  "alignItems": "center",
                  "flexDirection": "row",
                }
              }
            >
              <Image
                source={
                  Object {
                    "testUri": "../../../assets/icons/DASH.png",
                  }
                }
                style={
                  Object {
                    "height": 40,
                    "width": 40,
                  }
                }
              />
            </View>
          </View>
          <View
            style={
              Object {
                "alignItems": "center",
                "height": 200,
                "justifyContent": "center",
                "width": 750,
              }
            }
          >
            <View
              animated={true}
              animationConfig={
                Object {
                  "bounciness": 0,
                }
              }
              animationType="spring"
              indeterminate={true}
              indeterminateAnimationDuration={1000}
              onLayout={[Function]}
              progress={0.3}
              style={
                Array [
                  Object {
                    "backgroundColor": undefined,
                    "borderColor": "#80e7a5",
                    "borderRadius": 4,
                    "borderWidth": 0,
                    "overflow": "hidden",
                    "width": 250,
                  },
                  undefined,
                ]
              }
              useNativeDriver={false}
            >
              <View
                style={
                  Object {
                    "backgroundColor": "#80e7a5",
                    "height": 6,
                    "transform": Array [
                      Object {
                        "translateX": 0,
                      },
                      Object {
                        "translateX": -87.5,
                      },
                      Object {
                        "scaleX": 0.30007,
                      },
                    ],
                  }
                }
              />
            </View>
          </View>
        </View>
      </View>
      <View
        onLayout={[Function]}
        style={null}
      >
        <View
          style={
            Object {
              "alignItems": "center",
              "backgroundColor": "#515360",
              "borderRadius": 5,
              "elevation": 1,
              "flexDirection": "column",
              "justifyContent": "center",
              "marginBottom": 14,
              "marginLeft": 14,
              "marginRight": 14,
              "marginTop": 0,
              "paddingBottom": 15,
              "paddingLeft": 18,
              "paddingRight": 16,
              "paddingTop": 15,
            }
          }
        >
          <View
            style={
              Object {
                "flexDirection": "row",
              }
            }
          >
            <View
              style={
                Object {
                  "alignItems": "center",
                  "flexDirection": "row",
                }
              }
            >
              <Image
                source={
                  Object {
                    "testUri": "../../../assets/icons/XRP.png",
                  }
                }
                style={
                  Object {
                    "height": 40,
                    "width": 40,
                  }
                }
              />
            </View>
          </View>
          <View
            style={
              Object {
                "alignItems": "center",
                "height": 200,
                "justifyContent": "center",
                "width": 750,
              }
            }
          >
            <View
              animated={true}
              animationConfig={
                Object {
                  "bounciness": 0,
                }
              }
              animationType="spring"
              indeterminate={true}
              indeterminateAnimationDuration={1000}
              onLayout={[Function]}
              progress={0.3}
              style={
                Array [
                  Object {
                    "backgroundColor": undefined,
                    "borderColor": "#80e7a5",
                    "borderRadius": 4,
                    "borderWidth": 0,
                    "overflow": "hidden",
                    "width": 250,
                  },
                  undefined,
                ]
              }
              useNativeDriver={false}
            >
              <View
                style={
                  Object {
                    "backgroundColor": "#80e7a5",
                    "height": 6,
                    "transform": Array [
                      Object {
                        "translateX": 0,
                      },
                      Object {
                        "translateX": -87.5,
                      },
                      Object {
                        "scaleX": 0.30007,
                      },
                    ],
                  }
                }
              />
            </View>
          </View>
        </View>
      </View>
      <View
        onLayout={[Function]}
        style={null}
      >
        <View
          style={
            Object {
              "alignItems": "center",
              "backgroundColor": "#515360",
              "borderRadius": 5,
              "elevation": 1,
              "flexDirection": "column",
              "justifyContent": "center",
              "marginBottom": 14,
              "marginLeft": 14,
              "marginRight": 14,
              "marginTop": 0,
              "paddingBottom": 15,
              "paddingLeft": 18,
              "paddingRight": 16,
              "paddingTop": 15,
            }
          }
        >
          <View
            style={
              Object {
                "flexDirection": "row",
              }
            }
          >
            <View
              style={
                Object {
                  "alignItems": "center",
                  "flexDirection": "row",
                }
              }
            >
              <Image
                source={
                  Object {
                    "testUri": "../../../assets/icons/LTC.png",
                  }
                }
                style={
                  Object {
                    "height": 40,
                    "width": 40,
                  }
                }
              />
            </View>
          </View>
          <View
            style={
              Object {
                "alignItems": "center",
                "height": 200,
                "justifyContent": "center",
                "width": 750,
              }
            }
          >
            <View
              animated={true}
              animationConfig={
                Object {
                  "bounciness": 0,
                }
              }
              animationType="spring"
              indeterminate={true}
              indeterminateAnimationDuration={1000}
              onLayout={[Function]}
              progress={0.3}
              style={
                Array [
                  Object {
                    "backgroundColor": undefined,
                    "borderColor": "#80e7a5",
                    "borderRadius": 4,
                    "borderWidth": 0,
                    "overflow": "hidden",
                    "width": 250,
                  },
                  undefined,
                ]
              }
              useNativeDriver={false}
            >
              <View
                style={
                  Object {
                    "backgroundColor": "#80e7a5",
                    "height": 6,
                    "transform": Array [
                      Object {
                        "translateX": 0,
                      },
                      Object {
                        "translateX": -87.5,
                      },
                      Object {
                        "scaleX": 0.30007,
                      },
                    ],
                  }
                }
              />
            </View>
          </View>
        </View>
      </View>
    </View>
  </RCTScrollView>
</View>
`;
